git version 2.56.0

## k1: git merge --ff-only
  before: main=3018d1c HEAD=refs/heads/main
    status: M notes.txt | ?? scratch.txt
    files: ['notes.txt', 'scratch.txt']
    state files: []; stash: (none)
    notes.txt: 'notes edited before the operation'; scratch.txt exists: True
  $ git merge --ff-only feature -> exit 128
    | Updating 3018d1c..2a6d3b1
    | Fast-forward
    | hook: veto refs/heads/main
    | fatal: in 'prepared' phase, update aborted by the reference-transaction hook
  after veto: main=3018d1c HEAD=refs/heads/main
    status: A  incoming.txt |  M notes.txt | ?? scratch.txt
    files: ['incoming.txt', 'notes.txt', 'scratch.txt']
    state files: ['ORIG_HEAD']; stash: (none)
    notes.txt: 'notes edited before the operation'; scratch.txt exists: True
  $ git reset --hard HEAD -> exit 128: hook: veto refs/heads/main
fatal: in 'prepared' phase, update aborted by the reference-transaction hook
  after reset: main=3018d1c HEAD=refs/heads/main
    status: ?? scratch.txt
    files: ['notes.txt', 'scratch.txt']
    state files: ['ORIG_HEAD']; stash: (none)
    notes.txt: 'notes'; scratch.txt exists: True

## k2: git commit
  before: main=3018d1c HEAD=refs/heads/main
    status: A  new.txt |  M notes.txt | ?? scratch.txt
    files: ['new.txt', 'notes.txt', 'scratch.txt']
    state files: []; stash: (none)
    notes.txt: 'notes edited before the operation'; scratch.txt exists: True
  $ git commit -q -m feat: new -> exit 128
    | hook: veto refs/heads/main
    | fatal: in 'prepared' phase, update aborted by the reference-transaction hook
  after veto: main=3018d1c HEAD=refs/heads/main
    status: A  new.txt |  M notes.txt | ?? scratch.txt
    files: ['new.txt', 'notes.txt', 'scratch.txt']
    state files: []; stash: (none)
    notes.txt: 'notes edited before the operation'; scratch.txt exists: True
  $ git reset --hard HEAD -> exit 128: hook: veto refs/heads/main
fatal: in 'prepared' phase, update aborted by the reference-transaction hook
  after reset: main=3018d1c HEAD=refs/heads/main
    status: ?? scratch.txt
    files: ['notes.txt', 'scratch.txt']
    state files: ['ORIG_HEAD']; stash: (none)
    notes.txt: 'notes'; scratch.txt exists: True

## k3: git merge --no-ff
  before: main=9fd9821 HEAD=refs/heads/main
    status: M notes.txt | ?? scratch.txt
    files: ['local.txt', 'notes.txt', 'scratch.txt']
    state files: []; stash: (none)
    notes.txt: 'notes edited before the operation'; scratch.txt exists: True
  $ git merge --no-ff --no-edit feature -> exit 128
    | Merge made by the 'ort' strategy.
    | hook: veto refs/heads/main
    | fatal: in 'prepared' phase, update aborted by the reference-transaction hook
  after veto: main=9fd9821 HEAD=refs/heads/main
    status: A  incoming.txt |  M notes.txt | ?? scratch.txt
    files: ['incoming.txt', 'local.txt', 'notes.txt', 'scratch.txt']
    state files: ['MERGE_HEAD', 'AUTO_MERGE', 'ORIG_HEAD']; stash: (none)
    notes.txt: 'notes edited before the operation'; scratch.txt exists: True
  $ git reset --hard HEAD -> exit 128: hook: veto refs/heads/main
fatal: in 'prepared' phase, update aborted by the reference-transaction hook
  after reset: main=9fd9821 HEAD=refs/heads/main
    status: ?? scratch.txt
    files: ['local.txt', 'notes.txt', 'scratch.txt']
    state files: ['MERGE_HEAD', 'AUTO_MERGE', 'ORIG_HEAD']; stash: (none)
    notes.txt: 'notes'; scratch.txt exists: True

## k4: git pull (fast-forward)
  before: main=3018d1c HEAD=refs/heads/main
    status: M notes.txt | ?? scratch.txt
    files: ['notes.txt', 'scratch.txt']
    state files: []; stash: (none)
    notes.txt: 'notes edited before the operation'; scratch.txt exists: True
  $ git pull --ff-only -q -> exit 128
    | hook: veto refs/heads/main
    | fatal: in 'prepared' phase, update aborted by the reference-transaction hook
  after veto: main=3018d1c HEAD=refs/heads/main
    status: A  incoming.txt |  M notes.txt | ?? scratch.txt
    files: ['incoming.txt', 'notes.txt', 'scratch.txt']
    state files: ['ORIG_HEAD']; stash: (none)
    notes.txt: 'notes edited before the operation'; scratch.txt exists: True
  $ git reset --hard HEAD -> exit 128: hook: veto refs/heads/main
fatal: in 'prepared' phase, update aborted by the reference-transaction hook
  after reset: main=3018d1c HEAD=refs/heads/main
    status: ?? scratch.txt
    files: ['notes.txt', 'scratch.txt']
    state files: ['ORIG_HEAD']; stash: (none)
    notes.txt: 'notes'; scratch.txt exists: True

## k5: git rebase, clean tree
  before: main=6a1a181 HEAD=refs/heads/main
    status: (clean)
    files: ['local.txt', 'notes.txt']
    state files: []; stash: (none)
    notes.txt: 'notes'; scratch.txt exists: False
  $ git rebase feature -> exit 128
    | Rebasing (1/1)
    | hook: veto refs/heads/main
    | fatal: in 'prepared' phase, update aborted by the reference-transaction hook
  after veto: main=6a1a181 HEAD=detached at 92585f3
    status: (clean)
    files: ['incoming.txt', 'local.txt', 'notes.txt']
    state files: ['rebase-merge', 'AUTO_MERGE', 'ORIG_HEAD']; stash: (none)
    notes.txt: 'notes'; scratch.txt exists: False
  $ git reset --hard HEAD -> exit 0: HEAD is now at 92585f3 feat: local
  after reset: main=6a1a181 HEAD=detached at 92585f3
    status: (clean)
    files: ['incoming.txt', 'local.txt', 'notes.txt']
    state files: ['rebase-merge', 'ORIG_HEAD']; stash: (none)
    notes.txt: 'notes'; scratch.txt exists: False

## k5: git rebase --autostash, dirty tree
  before: main=6a1a181 HEAD=refs/heads/main
    status: M notes.txt | ?? scratch.txt
    files: ['local.txt', 'notes.txt', 'scratch.txt']
    state files: []; stash: (none)
    notes.txt: 'notes edited before the operation'; scratch.txt exists: True
  $ git rebase --autostash feature -> exit 128
    | Created autostash: b9e9c07
    | Rebasing (1/1)
    | hook: veto refs/heads/main
    | fatal: in 'prepared' phase, update aborted by the reference-transaction hook
  after veto: main=6a1a181 HEAD=detached at 92585f3
    status: ?? scratch.txt
    files: ['incoming.txt', 'local.txt', 'notes.txt', 'scratch.txt']
    state files: ['rebase-merge', 'AUTO_MERGE', 'ORIG_HEAD']; stash: (none)
    notes.txt: 'notes'; scratch.txt exists: True
  $ git reset --hard HEAD -> exit 0: HEAD is now at 92585f3 feat: local
  after reset: main=6a1a181 HEAD=detached at 92585f3
    status: ?? scratch.txt
    files: ['incoming.txt', 'local.txt', 'notes.txt', 'scratch.txt']
    state files: ['rebase-merge', 'ORIG_HEAD']; stash: (none)
    notes.txt: 'notes'; scratch.txt exists: True

