git version 2.56.0

## foldable fixup!
before: ['feat: add a', 'feat: add b', 'fixup! feat: add a']
gir:    ['gir: 3e5ebce5ee rejected [fixup-unsquashed] `fixup!` commit must be squashed before pushing']
try:    ['git rebase --autosquash dcbdfe980d']
ran:    git rebase --autosquash dcbdfe980d -> exit 0 'Rebasing (2/3)\nRebasing (3/3)\nSuccessfully rebased and updated refs/heads/main.'
after:  ['feat: add a', 'feat: add b']; expected: ['feat: add a', 'feat: add b']; tree unchanged: True
RESULT: PASS

## unmatched fixup! with its target in the range
before: ['feat: add a', 'feat: add b', 'fixup! wip']
gir:    ['gir: 2f64f75e10 rejected [fixup-unmatched] `fixup!` commit matches no earlier commit, so git rebase --autosquash leaves it']
try:    ['git rebase -i dcbdfe980d: move it below 0629ed7d9b feat: add a, change pick to fixup']
ran:    git rebase -i dcbdfe980d -> exit 0 'Rebasing (2/3)\nRebasing (3/3)\nSuccessfully rebased and updated refs/heads/main.'
after:  ['feat: add a', 'feat: add b']; expected: ['feat: add a', 'feat: add b']; tree unchanged: True
RESULT: PASS

## unmatched squash! with its target in the range
before: ['feat: add a', 'feat: add b', 'squash! wip']
gir:    ['gir: 381389cad6 rejected [fixup-unmatched] `squash!` commit matches no earlier commit, so git rebase --autosquash leaves it']
try:    ['git rebase -i dcbdfe980d: move it below 0629ed7d9b feat: add a, change pick to squash']
ran:    git rebase -i dcbdfe980d -> exit 0 'Rebasing (2/3)\nRebasing (3/3)\nSuccessfully rebased and updated refs/heads/main.'
after:  ['feat: add a', 'feat: add b']; expected: ['feat: add a', 'feat: add b']; tree unchanged: True
RESULT: PASS

## unmatched amend! with a new message, target in the range
before: ['feat: add a', 'feat: add b', 'amend! wip']
gir:    ['gir: 5f6a2d6a6c rejected [fixup-unmatched] `amend!` commit matches no earlier commit, so git rebase --autosquash leaves it']
try:    ['git rebase -i dcbdfe980d: move it below 0629ed7d9b feat: add a, change pick to fixup -C']
ran:    git rebase -i dcbdfe980d -> exit 0 'Rebasing (2/3)\nRebasing (3/3)\nSuccessfully rebased and updated refs/heads/main.'
after:  ['feat: add alpha', 'feat: add b']; expected: ['feat: add alpha', 'feat: add b']; tree unchanged: True
RESULT: PASS

## unmatched amend! without a new message, target in the range
before: ['feat: add a', 'feat: add b', 'amend! wip']
gir:    ['gir: 4c71a2c708 rejected [fixup-unmatched] `amend!` commit matches no earlier commit, so git rebase --autosquash leaves it']
try:    ['git rebase -i dcbdfe980d: move it below 0629ed7d9b feat: add a, change pick to fixup']
ran:    git rebase -i dcbdfe980d -> exit 0 'Rebasing (2/3)\nRebasing (3/3)\nSuccessfully rebased and updated refs/heads/main.'
after:  ['feat: add a', 'feat: add b']; expected: ['feat: add a', 'feat: add b']; tree unchanged: True
RESULT: PASS

## r7: unmatched amend! with a wrapped subject and no message
before: ['feat: add a', 'feat: add b', 'amend! wip wrapped']
gir:    ['gir: 2c31ecdd34 rejected [fixup-unmatched] `amend!` commit matches no earlier commit, so git rebase --autosquash leaves it']
try:    ['git rebase -i dcbdfe980d: move it below 0629ed7d9b feat: add a, change pick to fixup']
ran:    git rebase -i dcbdfe980d -> exit 0 'Rebasing (2/3)\nRebasing (3/3)\nSuccessfully rebased and updated refs/heads/main.'
after:  ['feat: add a', 'feat: add b']; expected: ['feat: add a', 'feat: add b']; tree unchanged: True
RESULT: PASS

## r1: unmatched fixup! whose target is the root commit
before: ['chore: init', 'feat: two', 'fixup! wip']
gir:    ['gir: d710a59ce7 rejected [fixup-unmatched] `fixup!` commit matches no earlier commit, so git rebase --autosquash leaves it']
try:    ['git rebase -i --root: move it below 0d5eafe5c7 chore: init, change pick to fixup']
ran:    git rebase -i --root -> exit 0 'Rebasing (1/3)\nRebasing (2/3)\nRebasing (3/3)\nSuccessfully rebased and updated refs/heads/main.'
after:  ['chore: init', 'feat: two']; expected: ['chore: init', 'feat: two']; tree unchanged: True
RESULT: PASS

## unmatched fixup! with a published target
before: ['fixup! feat: add a']
gir:    ["gir: 275a9b9639 rejected [fixup-unmatched] `fixup!` commit's target fb4f809dfd feat: add a is before the range"]
try:    ['git rebase -i fb4f809dfd: reword it into a normal commit']
ran:    git rebase -i fb4f809dfd -> exit 0 'Rebasing (1/1)\nSuccessfully rebased and updated refs/heads/main.'
after:  ['fix: correct a']; expected: ['fix: correct a']; tree unchanged: True
RESULT: PASS

## unmatched fixup! that only adds a file (generic advice)
before: ['feat: add a', 'fixup! wip']
gir:    ['gir: 9164b5cbe4 rejected [fixup-unmatched] `fixup!` commit matches no earlier commit, so git rebase --autosquash leaves it']
try:    ['git rebase -i 0d5eafe5c7: move it below the commit it belongs to and change pick to fixup, or reword it into a normal commit']
ran:    git rebase -i 0d5eafe5c7 -> exit 0 'Rebasing (2/2)\nSuccessfully rebased and updated refs/heads/main.'
after:  ['feat: add a', 'fix: correct a']; expected: ['feat: add a', 'fix: correct a']; tree unchanged: True
RESULT: PASS

9/9 passed
