git version 2.56.0

## foldable fixup!
before: ['feat: add a', 'feat: add b', 'fixup! feat: add a']
gir:    ['gir: 2c2796b048 rejected [fixup-unsquashed] `fixup!` commit must be squashed before pushing']
try:    ['git rebase --autosquash 7a69b1505f']
ran:    git rebase --autosquash 7a69b1505f -> exit 0 'Rebasing (2/3)\nRebasing (3/3)\nSuccessfully rebased and updated refs/heads/main.'
after:  ['feat: add a', 'feat: add b']; expected: ['feat: add a', 'feat: add b']; tree unchanged: True
RESULT: PASS

## unmatched fixup! with its target in the range
before: ['feat: add a', 'feat: add b', 'fixup! wip']
gir:    ['gir: 98c5ac73ba rejected [fixup-unmatched] `fixup!` commit matches no earlier commit, so git rebase --autosquash leaves it']
try:    ['git rebase -i 7a69b1505f: move it below e8e6318b88 feat: add a, change pick to fixup']
ran:    git rebase -i 7a69b1505f -> exit 0 'Rebasing (2/3)\nRebasing (3/3)\nSuccessfully rebased and updated refs/heads/main.'
after:  ['feat: add a', 'feat: add b']; expected: ['feat: add a', 'feat: add b']; tree unchanged: True
RESULT: PASS

## unmatched squash! with its target in the range
before: ['feat: add a', 'feat: add b', 'squash! wip']
gir:    ['gir: 9ee6346714 rejected [fixup-unmatched] `squash!` commit matches no earlier commit, so git rebase --autosquash leaves it']
try:    ['git rebase -i 7a69b1505f: move it below e8e6318b88 feat: add a, change pick to squash']
ran:    git rebase -i 7a69b1505f -> exit 0 'Rebasing (2/3)\nRebasing (3/3)\nSuccessfully rebased and updated refs/heads/main.'
after:  ['feat: add a', 'feat: add b']; expected: ['feat: add a', 'feat: add b']; tree unchanged: True
RESULT: PASS

## unmatched amend! with a new message, target in the range
before: ['feat: add a', 'feat: add b', 'amend! wip']
gir:    ['gir: 9a7e0f303b rejected [fixup-unmatched] `amend!` commit matches no earlier commit, so git rebase --autosquash leaves it']
try:    ['git rebase -i 7a69b1505f: move it below e8e6318b88 feat: add a, change pick to fixup -C']
ran:    git rebase -i 7a69b1505f -> exit 0 'Rebasing (2/3)\nRebasing (3/3)\nSuccessfully rebased and updated refs/heads/main.'
after:  ['feat: add alpha', 'feat: add b']; expected: ['feat: add alpha', 'feat: add b']; tree unchanged: True
RESULT: PASS

## unmatched amend! without a new message, target in the range
before: ['feat: add a', 'feat: add b', 'amend! wip']
gir:    ['gir: 8c6f333b1a rejected [fixup-unmatched] `amend!` commit matches no earlier commit, so git rebase --autosquash leaves it']
try:    ['git rebase -i 7a69b1505f: move it below e8e6318b88 feat: add a, change pick to fixup']
ran:    git rebase -i 7a69b1505f -> exit 0 'Rebasing (2/3)\nRebasing (3/3)\nSuccessfully rebased and updated refs/heads/main.'
after:  ['feat: add a', 'feat: add b']; expected: ['feat: add a', 'feat: add b']; tree unchanged: True
RESULT: PASS

## unmatched fixup! with a published target
before: ['fixup! feat: add a']
gir:    ["gir: 34c7127085 rejected [fixup-unmatched] `fixup!` commit's target e8e6318b88 feat: add a is already published"]
try:    ['git rebase -i e8e6318b88: reword it into a normal commit']
ran:    git rebase -i e8e6318b88 -> exit 0 'Rebasing (1/1)\nSuccessfully rebased and updated refs/heads/main.'
after:  ['fix: correct a']; expected: ['fix: correct a']; tree unchanged: True
RESULT: PASS

## unmatched fixup! that only adds a file (generic advice)
before: ['feat: add a', 'fixup! wip']
gir:    ['gir: eb2ddefbf4 rejected [fixup-unmatched] `fixup!` commit matches no earlier commit, so git rebase --autosquash leaves it']
try:    ['git rebase -i 13efcf0771: move it below the commit it belongs to and change pick to fixup, or reword it into a normal commit']
ran:    git rebase -i 13efcf0771 -> exit 0 'Rebasing (2/2)\nSuccessfully rebased and updated refs/heads/main.'
after:  ['feat: add a', 'fix: correct a']; expected: ['feat: add a', 'fix: correct a']; tree unchanged: True
RESULT: PASS

7/7 passed
