gir at 8a2a60c, git version 2.56.0
## 'plain.txt'
  headers: ['diff --git a/plain.txt b/plain.txt', '--- a/plain.txt', '+++ b/plain.txt']
  name-status: 'M\tplain.txt\n'
  gir fixup --dry-run -> exit 0: '0dcd8cec2d feat: add file'
## 'my file.txt'
  headers: ['diff --git a/my file.txt b/my file.txt', '--- a/my file.txt\t', '+++ b/my file.txt\t']
  name-status: 'M\tmy file.txt\n'
  gir fixup --dry-run -> exit 2: 'gir: cannot tell which commit my file.txt belongs to; pass one: gir fixup <commit>'
## 'café.txt'
  headers: ['diff --git a/café.txt b/café.txt', '--- a/café.txt', '+++ b/café.txt']
  name-status: 'M\tcafé.txt\n'
  gir fixup --dry-run -> exit 0: '39a9559f33 feat: add file'
## 'say "hi".txt'
  headers: ['diff --git "a/say \\"hi\\".txt" "b/say \\"hi\\".txt"', '--- "a/say \\"hi\\".txt"\t', '+++ "b/say \\"hi\\".txt"\t']
  name-status: 'M\t"say \\"hi\\".txt"\n'
  gir fixup --dry-run -> exit 2: 'gir: cannot tell which commit "say \\"hi\\".txt" belongs to; pass one: gir fixup <commit>'
## 'back\\slash.txt'
  headers: ['diff --git "a/back\\\\slash.txt" "b/back\\\\slash.txt"', '--- "a/back\\\\slash.txt"', '+++ "b/back\\\\slash.txt"']
  name-status: 'M\t"back\\\\slash.txt"\n'
  gir fixup --dry-run -> exit 2: 'gir: cannot tell which commit "back\\\\slash.txt" belongs to; pass one: gir fixup <commit>'
## 'tab\there.txt'
  headers: ['diff --git "a/tab\\there.txt" "b/tab\\there.txt"', '--- "a/tab\\there.txt"', '+++ "b/tab\\there.txt"']
  name-status: 'M\t"tab\\there.txt"\n'
  gir fixup --dry-run -> exit 2: 'gir: cannot tell which commit "tab\\there.txt" belongs to; pass one: gir fixup <commit>'
