    Checking itoa v1.0.18
    Checking zmij v1.0.23
    Checking winnow v1.0.4
    Checking serde_core v1.0.229
    Checking unicase v2.9.0
    Checking memchr v2.8.3
    Checking libc v0.2.189
    Checking bitflags v2.13.2
    Checking linux-raw-sys v0.12.1
    Checking lexopt v0.3.2
    Checking cfg-if v1.0.5
    Checking once_cell v1.21.4
    Checking fastrand v2.5.0
    Checking rustix v1.1.5
    Checking getrandom v0.4.3
    Checking git-conventional v1.1.0
    Checking tempfile v3.27.0
    Checking serde_json v1.0.151
    Checking gir v0.2.1 (/home/flatrick/src/github/flatrick/git-it-right/.worktrees/unfoldable-fixup-targets)
    Finished `dev` profile [unoptimized + debuginfo] target(s) in 3.53s
