
## p1: picker after a --no-ff merge (side forked from main)
  merge aba553471d, side commit 79f1f4d662
  $ GIR_INTERACTIVE=1 gir reword <<< '\n' -> exit 1:
    gir: nothing to trace for a reword; pick the commit to reword:
      1) 0c8d2e6e30 feat: b
      2) afcb92a852 feat: a
      3) 79f1f4d662 feat: side
    pick [1-3, q]: gir: cancelled; nothing committed
  OBSERVED picker lists merge: False; lists side commit: True

## c1: autosquash of a fixup! of the merge (side forked from main)
  before: ["fixup! Merge branch 'side' into topic", 'feat: b', "Merge branch 'side' into topic", 'feat: a', 'feat: side']
  git rebase -i --autosquash main -> exit 0 
  after:  ["fixup! Merge branch 'side' into topic", 'feat: b', 'feat: side', 'feat: a']
  OBSERVED fixup! of merge: LEFT unfolded; a.txt at HEAD = 'A'

## c1: autosquash of a fixup! of the side-branch commit (side forked from main)
  before: ['fixup! feat: side', 'feat: b', "Merge branch 'side' into topic", 'feat: a', 'feat: side']
  git rebase -i --autosquash main -> exit 0 
  after:  ['feat: b', 'feat: side', 'feat: a']
  OBSERVED fixup! of side commit: FOLDED; s.txt at HEAD = 'S'

## p1: picker after a --no-ff merge (side forked from topic)
  merge 6d4f7b712e, side commit a0938b9984
  $ GIR_INTERACTIVE=1 gir reword <<< '\n' -> exit 1:
    gir: nothing to trace for a reword; pick the commit to reword:
      1) a8b7dd0569 feat: b
      2) afcb92a852 feat: a
      3) a0938b9984 feat: side
    pick [1-3, q]: gir: cancelled; nothing committed
  OBSERVED picker lists merge: False; lists side commit: True

## c1: autosquash of a fixup! of the merge (side forked from topic)
  before: ["fixup! Merge branch 'side' into topic", 'feat: b', "Merge branch 'side' into topic", 'feat: a', 'feat: side']
  git rebase -i --autosquash main -> exit 0 
  after:  ["fixup! Merge branch 'side' into topic", 'feat: b', 'feat: side', 'feat: a']
  OBSERVED fixup! of merge: LEFT unfolded; a.txt at HEAD = 'A'

## c1: autosquash of a fixup! of the side-branch commit (side forked from topic)
  before: ['fixup! feat: side', 'feat: b', "Merge branch 'side' into topic", 'feat: a', 'feat: side']
  git rebase -i --autosquash main -> exit 0 
  after:  ['feat: b', 'feat: side', 'feat: a']
  OBSERVED fixup! of side commit: FOLDED; s.txt at HEAD = 'S'

## explicit target: gir fixup --dry-run <merge>
  $ gir fixup --dry-run aba553471d90b9814266b811d53c460a003cb60b -> exit 2:
    gir: `aba553471d90b9814266b811d53c460a003cb60b` is a merge commit, which a rebase drops; pass the commit the change belongs to
  (merge is aba553471d)

## automatic selection: a staged line last changed by a conflict-resolving merge
  merge 8f1c83bfe7; git blame -L 2,2: 8f1c83bfe7edd6e32a2151f7a82806ee81f07b05 2) two-merged
  $ gir fixup --dry-run -> exit 2:
    gir: f.txt:2 was last changed by the merge 8f1c83bfe7, which a rebase drops; commit it normally, or pass one: gir fixup <commit>
  OBSERVED automatic selection picks the merge: True
  $ gir fixup --split --dry-run -> exit 2:
    gir: f.txt:2 was last changed by the merge 8f1c83bfe7, which a rebase drops; commit it normally, or pass one: gir fixup <commit>
  OBSERVED --split picks the merge: True
