git version 2.56.0

## foldable fixup!
before: ['feat: add a', 'feat: add b', 'fixup! feat: add a']
gir:    ['gir: 6d52df5c18 rejected [fixup-unsquashed] `fixup!` commit must be squashed before pushing']
try:    ['git rebase --autosquash d5b817880b']
ran:    git rebase --autosquash d5b817880b -> exit 0 'Rebasing (2/3)\nRebasing (3/3)\nSuccessfully rebased and updated refs/heads/main.'
after:  ['feat: add a', 'feat: add b']; expected: ['feat: add a', 'feat: add b']; tree unchanged: True
RESULT: PASS

## unmatched fixup! with its target in the range
before: ['feat: add a', 'feat: add b', 'fixup! wip']
gir:    ['gir: 3bdceb5960 rejected [fixup-unmatched] `fixup!` commit matches no earlier commit, so git rebase --autosquash leaves it']
try:    ['git rebase -i d5b817880b: move it below 5f1b4e96d5 feat: add a, change pick to fixup']
ran:    git rebase -i d5b817880b -> exit 0 'Rebasing (2/3)\nRebasing (3/3)\nSuccessfully rebased and updated refs/heads/main.'
after:  ['feat: add a', 'feat: add b']; expected: ['feat: add a', 'feat: add b']; tree unchanged: True
RESULT: PASS

## unmatched squash! with its target in the range
before: ['feat: add a', 'feat: add b', 'squash! wip']
gir:    ['gir: 5bcf5fcab7 rejected [fixup-unmatched] `squash!` commit matches no earlier commit, so git rebase --autosquash leaves it']
try:    ['git rebase -i 50adbe3ae9: move it below 542a8b3197 feat: add a, change pick to squash']
ran:    git rebase -i 50adbe3ae9 -> exit 0 'Rebasing (2/3)\nRebasing (3/3)\nSuccessfully rebased and updated refs/heads/main.'
after:  ['feat: add a', 'feat: add b']; expected: ['feat: add a', 'feat: add b']; tree unchanged: True
RESULT: PASS

## unmatched amend! with a new message, target in the range
before: ['feat: add a', 'feat: add b', 'amend! wip']
gir:    ['gir: b02957976d rejected [fixup-unmatched] `amend!` commit matches no earlier commit, so git rebase --autosquash leaves it']
try:    ['git rebase -i 50adbe3ae9: move it below 542a8b3197 feat: add a, change pick to fixup -C']
ran:    git rebase -i 50adbe3ae9 -> exit 0 'Rebasing (2/3)\nRebasing (3/3)\nSuccessfully rebased and updated refs/heads/main.'
after:  ['feat: add alpha', 'feat: add b']; expected: ['feat: add alpha', 'feat: add b']; tree unchanged: True
RESULT: PASS

## unmatched amend! without a new message, target in the range
before: ['feat: add a', 'feat: add b', 'amend! wip']
gir:    ['gir: 83055c8ead rejected [fixup-unmatched] `amend!` commit matches no earlier commit, so git rebase --autosquash leaves it']
try:    ['git rebase -i 50adbe3ae9: move it below 542a8b3197 feat: add a, change pick to fixup']
ran:    git rebase -i 50adbe3ae9 -> exit 0 'Rebasing (2/3)\nRebasing (3/3)\nSuccessfully rebased and updated refs/heads/main.'
after:  ['feat: add a', 'feat: add b']; expected: ['feat: add a', 'feat: add b']; tree unchanged: True
RESULT: PASS

## unmatched fixup! with a published target
before: ['fixup! feat: add a']
gir:    ["gir: 4e387b715a rejected [fixup-unmatched] `fixup!` commit's target 542a8b3197 feat: add a is already published"]
try:    ['git rebase -i 542a8b3197: reword it into a normal commit']
ran:    git rebase -i 542a8b3197 -> exit 0 'Rebasing (1/1)\nSuccessfully rebased and updated refs/heads/main.'
after:  ['fix: correct a']; expected: ['fix: correct a']; tree unchanged: True
RESULT: PASS

## unmatched fixup! that only adds a file (generic advice)
before: ['feat: add a', 'fixup! wip']
gir:    ['gir: a62318fe0c rejected [fixup-unmatched] `fixup!` commit matches no earlier commit, so git rebase --autosquash leaves it']
try:    ['git rebase -i 50adbe3ae9: move it below the commit it belongs to and change pick to fixup, or reword it into a normal commit']
ran:    git rebase -i 50adbe3ae9 -> exit 0 'Rebasing (2/2)\nSuccessfully rebased and updated refs/heads/main.'
after:  ['feat: add a', 'fix: correct a']; expected: ['feat: add a', 'fix: correct a']; tree unchanged: True
RESULT: PASS

7/7 passed
