new build: 41175fa, git version 2.56.0

## a2.1 delete '-- header', edit a later line; gir fixup; rebase --autosquash
  $ gir fixup -> exit 0: 'gir: created fixup! for 59bde1a45d feat: lua\n  fold: git rebase --autosquash 249204614a'
  PASS gir fixup succeeds
  $ git rebase -i --autosquash main -> exit 0: ''
  PASS rebase --autosquash succeeds
  PASS history is feat: lua then feat: other
  PASS feat: lua holds the edited file

## a2.2 delete '-- /dev/null' (commit A), edit a line of commit B; gir fixup without --split
  $ gir fixup -> exit 2: 'gir: staged changes belong to several commits:\n  1c5b9cecc9 feat: B  <- x.lua:5\n  90a5b438db feat: A  <- x.lua:1\n  split: git restore --staged . && git add -p, then one gir fixup per commit\n  or: gir fixup --split creates one fixup! per commit'
  PASS gir refuses: the changes belong to two commits
  PASS no commit was created

## a2.3 the same case with --split; rebase --autosquash
  $ gir fixup --split -> exit 0: 'gir: created fixup! for 1c5b9cecc9 feat: B\ngir: created fixup! for 90a5b438db feat: A\n  fold: git rebase --autosquash 249204614a'
  PASS gir fixup --split succeeds
  $ git rebase -i --autosquash main -> exit 0: ''
  PASS rebase --autosquash succeeds
  PASS history is feat: A then feat: B
  PASS feat: A lost only its '-- /dev/null' line
  PASS feat: B holds the edit

## a3.1 sparse checkout: split, rebase, then git add -A and git commit -a
  $ gir fixup --split -> exit 0: 'gir: created fixup! for 4a981cefa6 feat: b\ngir: created fixup! for 591e4eddfd feat: a\n  fold: git rebase --autosquash 249204614a'
  PASS gir fixup --split succeeds
  PASS status is clean after the split
  $ git rebase -i --autosquash main -> exit 0: ''
  PASS rebase --autosquash succeeds
  PASS out/c.txt is still in HEAD
  PASS out/c.txt is still skip-worktree
  PASS history is feat: a, feat: b, feat: c

## a3.2 skip-worktree file with a private edit: split, rebase, then git add -A and git commit -a
  $ gir fixup --split -> exit 0: 'gir: created fixup! for 13e8e867c5 feat: b\ngir: created fixup! for 739cae7d75 feat: a\n  fold: git rebase --autosquash f8056b2f64'
  PASS gir fixup --split succeeds
  PASS status is clean after the split
  $ git rebase -i --autosquash main -> exit 0: ''
  PASS rebase --autosquash succeeds
  PASS the private edit is not committed
  PASS the private edit is still on disk
  PASS cfg.txt is still skip-worktree

## a3.3 intent-to-add file: split, then git add -A and git commit
  $ gir fixup --split -> exit 0: 'gir: created fixup! for be3ec67171 feat: b\ngir: created fixup! for c80b5b08b1 feat: a\n  fold: git rebase --autosquash f6bd25bdeb'
  PASS gir fixup --split succeeds
  PASS ita.txt is still intent-to-add
  PASS ita.txt is not in HEAD
  note: git rebase refuses while an intent-to-add entry exists (unstaged change), on any build; the rebase is not part of this case

## a4.1 linked worktree with a skip-worktree file
  $ gir fixup --split -> exit 0: 'gir: created fixup! for 97e102e4f0 feat: b\ngir: created fixup! for ec0e9d0047 feat: a\n  fold: git rebase --autosquash 627256f0cd'
  PASS gir fixup --split succeeds in the linked worktree
  PASS status and flags kept (apart from the committed files)
  PASS no temporary index left in either git directory
  PASS main worktree's index untouched (topic still clean)

## a4.2 sparse checkout, cone mode, sparse index
  $ gir fixup --split -> exit 0: 'gir: created fixup! for b84da7e9c1 feat: b\ngir: created fixup! for f7cfc53d3d feat: a\n  fold: git rebase --autosquash f6bd25bdeb'
  PASS gir fixup --split succeeds
  PASS status is clean after the split
  PASS the index is still sparse with the same entries
  $ git rebase -i --autosquash main -> exit 0: ''
  PASS rebase --autosquash succeeds
  PASS out/c.txt is still in HEAD

## a4.3 gir run from a subdirectory, skip-worktree file at the top
  $ gir fixup --split -> exit 0: 'gir: created fixup! for 69c3000884 feat: b\ngir: created fixup! for bded61dce7 feat: a\n  fold: git rebase --autosquash 627256f0cd'
  PASS gir fixup --split succeeds from sub/
  PASS status clean and flags kept

## a4.4 gir amend --split with a skip-worktree file
  $ gir amend --split -> exit 0: 'gir: created amend! for 97e102e4f0 feat: b\ngir: created amend! for ec0e9d0047 feat: a\n  fold: git rebase --autosquash 627256f0cd'
  PASS gir amend --split succeeds
  PASS two amend! commits
  PASS status clean and flags kept
  $ git rebase -i --autosquash main -> exit 0: ''
  PASS rebase --autosquash succeeds
  PASS history is feat: a, feat: b

## a4.5 gir squash --split with a skip-worktree file
  $ gir squash --split -> exit 0: 'gir: created squash! for 97e102e4f0 feat: b\ngir: created squash! for ec0e9d0047 feat: a\n  fold: git rebase --autosquash 627256f0cd'
  PASS gir squash --split succeeds
  PASS two squash! commits
  PASS status clean and flags kept
  $ git rebase -i --autosquash main -> exit 0: '[detached HEAD 6e949fe] feat: a\n Date: Fri Oct 2 11:30:05 2026 +0200\n 1 file changed, 1 insertion(+)\n create mode 100644 a.txt\n[detached HEAD 3d4c23e] feat: b\n Date: Fri Oct 2 11:30:05 2026 +0200\n 1 file changed, 1 insertion(+)\n create mode 100644 b.txt'
  PASS rebase --autosquash succeeds
  PASS history is feat: a, feat: b

## a4.6 the interactive picker's s, with a skip-worktree file
  $ gir fixup -> exit 0: 'gir: staged changes belong to several commits:\n  1) 97e102e4f0 feat: b  <- b.txt:1\n  2) ec0e9d0047 feat: a  <- a.txt:1\n  s) split: one fixup! per commit\npick [1-2, s, q]: gir: created fixup! for 97e102e4f0 feat: b\ngir: created fixup! for ec0e9d0047 feat: a\n  fold: git rebase --autosquash 627256f0cd'
  PASS the picker's s splits
  PASS status clean and flags kept

## a4.7 no temporary index left after a successful and a failed split
  $ gir fixup --split -> exit 0: 'gir: created fixup! for be3ec67171 feat: b\ngir: created fixup! for c80b5b08b1 feat: a\n  fold: git rebase --autosquash f6bd25bdeb'
  PASS successful split
  PASS no gir-split-index-* file after success
  $ gir fixup --split -> exit 2: 'gir: git commit --quiet --fixup=be3ec67171ca84358bb72ee87d3885d284642a6a failed; restored HEAD and the index'
  PASS hook-refused split fails and restores
  PASS no gir-split-index-* file after failure

53 PASS, 0 FAIL
