##### edge.py: differs
--- edge.py old
+++ edge.py new
@@ -1,12 +1,12 @@
 
 === 1 deleting a '-- comment' line then another hunk
-(2, 'gir: cannot tell which commit header:5 belongs to; pass one: gir fixup <commit>')
-(2, 'gir: cannot tell which commit header:5 belongs to; pass one: gir fixup <commit>')
+(0, '<sha> feat: lua')
+(0, '<sha> feat: lua')
 
 === 1b split with '-- comment' deletion across two targets
-(2, 'gir: cannot tell which commit header:3 belongs to; pass one: gir fixup <commit>')
-feat: lua two | feat: lua one | chore: base
+(0, 'gir: created fixup! for <sha> feat: lua two\ngir: created fixup! for <sha> feat: lua one\n  fold: git rebase --autosquash <sha>')
+fixup! feat: lua one | fixup! feat: lua two | feat: lua two | feat: lua one
 
 === 2 file name with a space
 (2, 'gir: cannot tell which commit my file.txt belongs to; pass one: gir fixup <commit>')
 
@@ -30,9 +30,9 @@
  A ita
 
 (0, 'gir: created fixup! for <sha> feat: b\ngir: created fixup! for <sha> feat: a\n  fold: git rebase --autosquash <sha>')
 fixup! feat: a | fixup! feat: b | feat: b | feat: a
-status after: '?? ita\n'
+status after: ' A ita\n'
 
 === 7 reword with staged changes
 (0, 'gir: created amend! for <sha> feat: a\n  fold: git rebase --autosquash <sha>')
 amend! feat: a | feat: a | chore: base amend! feat: a
##### edge2.py: differs
--- edge2.py old
+++ edge2.py new
@@ -6,14 +6,14 @@
 === 15 sparse checkout + split
 before: 'M  in/a\nM  in/b\n'
 (0, 'gir: created fixup! for <sha> feat: b\ngir: created fixup! for <sha> feat: a\n  fold: git rebase --autosquash <sha>')
 fixup! feat: a | fixup! feat: b | feat: c | feat: b
-after: ' D out/c\n'
+after: ''
 
 === 16 assume-unchanged / skip-worktree bit after split
 before: 'M  a\nM  b\n'
 (0, 'gir: created fixup! for <sha> feat: b\ngir: created fixup! for <sha> feat: a\n  fold: git rebase --autosquash <sha>')
-after: ' M cfg\n'
+after: ''
 
 === 17 interactive picker with several targets where a hunk spans -> choose s
 2 gir: staged changes belong to several commits:
   1) <sha> feat: one  <- f:1
##### edge3.py: identical
